23:56:21 **** Incremental Build of configuration Debug for project inzynierka ****
make -j20 all 
arm-none-eabi-size   inzynierka.elf 
   text	   data	    bss	    dec	    hex	filename
  22560	    120	   3592	  26272	   66a0	inzynierka.elf
Finished building: default.size.stdout
 
00:04:04 **** Incremental Build of configuration Debug for project inzynierka ****
make -j20 all 
arm-none-eabi-size   inzynierka.elf 
   text	   data	    bss	    dec	    hex	filename
  22560	    120	   3592	  26272	   66a0	inzynierka.elf
Finished building: default.size.stdout
 
