20:50:55 **** Incremental Build of configuration Debug for project inzynierka ****
make -j20 all 
arm-none-eabi-gcc "../Core/Src/bluetooth.c" -mcpu=cortex-m4 -std=gnu11 -g3 -DDEBUG -DUSE_HAL_DRIVER -DSTM32F429xx -c -I../Core/Inc -I../Drivers/STM32F4xx_HAL_Driver/Inc -I../Drivers/STM32F4xx_HAL_Driver/Inc/Legacy -I../Drivers/CMSIS/Device/ST/STM32F4xx/Include -I../Drivers/CMSIS/Include -O0 -ffunction-sections -fdata-sections -Wall -fstack-usage -MMD -MP -MF"Core/Src/bluetooth.d" -MT"Core/Src/bluetooth.o" --specs=nano.specs -mfpu=fpv4-sp-d16 -mfloat-abi=hard -mthumb -o "Core/Src/bluetooth.o"
../Core/Src/bluetooth.c: In function 'bluetooth_sendStartMessage':
../Core/Src/bluetooth.c:15:29: warning: pointer targets in passing argument 2 of 'HAL_UART_Transmit' differ in signedness [-Wpointer-sign]
   15 |  HAL_UART_Transmit(&huart2, message, strlen(message), HAL_MAX_DELAY);
      |                             ^~~~~~~
      |                             |
      |                             const char *
In file included from ../Core/Inc/stm32f4xx_hal_conf.h:409,
                 from ../Drivers/STM32F4xx_HAL_Driver/Inc/stm32f4xx_hal.h:29,
                 from ../Core/Inc/main.h:30,
                 from ../Core/Inc/bluetooth.h:4,
                 from ../Core/Src/bluetooth.c:8:
../Drivers/STM32F4xx_HAL_Driver/Inc/stm32f4xx_hal_uart.h:722:79: note: expected 'const uint8_t *' {aka 'const unsigned char *'} but argument is of type 'const char *'
  722 | HAL_StatusTypeDef HAL_UART_Transmit(UART_HandleTypeDef *huart, const uint8_t *pData, uint16_t Size, uint32_t Timeout);
      |                                                                ~~~~~~~~~~~~~~~^~~~~
../Core/Src/bluetooth.c: In function 'bluetooth_sendNotKnowMessage':
../Core/Src/bluetooth.c:22:29: warning: pointer targets in passing argument 2 of 'HAL_UART_Transmit' differ in signedness [-Wpointer-sign]
   22 |  HAL_UART_Transmit(&huart2, message, strlen(message), HAL_MAX_DELAY);
      |                             ^~~~~~~
      |                             |
      |                             const char *
In file included from ../Core/Inc/stm32f4xx_hal_conf.h:409,
                 from ../Drivers/STM32F4xx_HAL_Driver/Inc/stm32f4xx_hal.h:29,
                 from ../Core/Inc/main.h:30,
                 from ../Core/Inc/bluetooth.h:4,
                 from ../Core/Src/bluetooth.c:8:
../Drivers/STM32F4xx_HAL_Driver/Inc/stm32f4xx_hal_uart.h:722:79: note: expected 'const uint8_t *' {aka 'const unsigned char *'} but argument is of type 'const char *'
  722 | HAL_StatusTypeDef HAL_UART_Transmit(UART_HandleTypeDef *huart, const uint8_t *pData, uint16_t Size, uint32_t Timeout);
      |                                                                ~~~~~~~~~~~~~~~^~~~~
../Core/Src/bluetooth.c: In function 'bluetooth_reciveBasicMenu':
../Core/Src/bluetooth.c:30:32: warning: passing argument 2 of 'HAL_UART_Receive_IT' makes pointer from integer without a cast [-Wint-conversion]
   30 |   HAL_UART_Receive_IT(&huart2, recivedMenu, 1);
      |                                ^~~~~~~~~~~
      |                                |
      |                                uint8_t {aka unsigned char}
In file included from ../Core/Inc/stm32f4xx_hal_conf.h:409,
                 from ../Drivers/STM32F4xx_HAL_Driver/Inc/stm32f4xx_hal.h:29,
                 from ../Core/Inc/main.h:30,
                 from ../Core/Inc/bluetooth.h:4,
                 from ../Core/Src/bluetooth.c:8:
../Drivers/STM32F4xx_HAL_Driver/Inc/stm32f4xx_hal_uart.h:725:75: note: expected 'uint8_t *' {aka 'unsigned char *'} but argument is of type 'uint8_t' {aka 'unsigned char'}
  725 | HAL_StatusTypeDef HAL_UART_Receive_IT(UART_HandleTypeDef *huart, uint8_t *pData, uint16_t Size);
      |                                                                  ~~~~~~~~~^~~~~
../Core/Src/bluetooth.c: In function 'bluetooth_reciveExpandedMenu_Coulors':
../Core/Src/bluetooth.c:42:10: warning: unused variable 'Received' [-Wunused-variable]
   42 |  uint8_t Received[10];
      |          ^~~~~~~~
../Core/Src/bluetooth.c: In function 'bluetooth_reciveExpandedMenu_Images':
../Core/Src/bluetooth.c:49:31: warning: passing argument 2 of 'HAL_UART_Receive_IT' makes pointer from integer without a cast [-Wint-conversion]
   49 |  HAL_UART_Receive_IT(&huart2, recivedMenu, 1);
      |                               ^~~~~~~~~~~
      |                               |
      |                               uint8_t {aka unsigned char}
In file included from ../Core/Inc/stm32f4xx_hal_conf.h:409,
                 from ../Drivers/STM32F4xx_HAL_Driver/Inc/stm32f4xx_hal.h:29,
                 from ../Core/Inc/main.h:30,
                 from ../Core/Inc/bluetooth.h:4,
                 from ../Core/Src/bluetooth.c:8:
../Drivers/STM32F4xx_HAL_Driver/Inc/stm32f4xx_hal_uart.h:725:75: note: expected 'uint8_t *' {aka 'unsigned char *'} but argument is of type 'uint8_t' {aka 'unsigned char'}
  725 | HAL_StatusTypeDef HAL_UART_Receive_IT(UART_HandleTypeDef *huart, uint8_t *pData, uint16_t Size);
      |                                                                  ~~~~~~~~~^~~~~
../Core/Src/bluetooth.c:53:30: warning: pointer targets in passing argument 2 of 'HAL_UART_Transmit' differ in signedness [-Wpointer-sign]
   53 |   HAL_UART_Transmit(&huart2, message, strlen(message), HAL_MAX_DELAY);
      |                              ^~~~~~~
      |                              |
      |                              const char *
In file included from ../Core/Inc/stm32f4xx_hal_conf.h:409,
                 from ../Drivers/STM32F4xx_HAL_Driver/Inc/stm32f4xx_hal.h:29,
                 from ../Core/Inc/main.h:30,
                 from ../Core/Inc/bluetooth.h:4,
                 from ../Core/Src/bluetooth.c:8:
../Drivers/STM32F4xx_HAL_Driver/Inc/stm32f4xx_hal_uart.h:722:79: note: expected 'const uint8_t *' {aka 'const unsigned char *'} but argument is of type 'const char *'
  722 | HAL_StatusTypeDef HAL_UART_Transmit(UART_HandleTypeDef *huart, const uint8_t *pData, uint16_t Size, uint32_t Timeout);
      |                                                                ~~~~~~~~~~~~~~~^~~~~
../Core/Src/bluetooth.c:58:30: warning: pointer targets in passing argument 2 of 'HAL_UART_Transmit' differ in signedness [-Wpointer-sign]
   58 |   HAL_UART_Transmit(&huart2, message, strlen(message), HAL_MAX_DELAY);
      |                              ^~~~~~~
      |                              |
      |                              const char *
In file included from ../Core/Inc/stm32f4xx_hal_conf.h:409,
                 from ../Drivers/STM32F4xx_HAL_Driver/Inc/stm32f4xx_hal.h:29,
                 from ../Core/Inc/main.h:30,
                 from ../Core/Inc/bluetooth.h:4,
                 from ../Core/Src/bluetooth.c:8:
../Drivers/STM32F4xx_HAL_Driver/Inc/stm32f4xx_hal_uart.h:722:79: note: expected 'const uint8_t *' {aka 'const unsigned char *'} but argument is of type 'const char *'
  722 | HAL_StatusTypeDef HAL_UART_Transmit(UART_HandleTypeDef *huart, const uint8_t *pData, uint16_t Size, uint32_t Timeout);
      |                                                                ~~~~~~~~~~~~~~~^~~~~
../Core/Src/bluetooth.c:63:30: warning: pointer targets in passing argument 2 of 'HAL_UART_Transmit' differ in signedness [-Wpointer-sign]
   63 |   HAL_UART_Transmit(&huart2, message, strlen(message), HAL_MAX_DELAY);
      |                              ^~~~~~~
      |                              |
      |                              const char *
In file included from ../Core/Inc/stm32f4xx_hal_conf.h:409,
                 from ../Drivers/STM32F4xx_HAL_Driver/Inc/stm32f4xx_hal.h:29,
                 from ../Core/Inc/main.h:30,
                 from ../Core/Inc/bluetooth.h:4,
                 from ../Core/Src/bluetooth.c:8:
../Drivers/STM32F4xx_HAL_Driver/Inc/stm32f4xx_hal_uart.h:722:79: note: expected 'const uint8_t *' {aka 'const unsigned char *'} but argument is of type 'const char *'
  722 | HAL_StatusTypeDef HAL_UART_Transmit(UART_HandleTypeDef *huart, const uint8_t *pData, uint16_t Size, uint32_t Timeout);
      |                                                                ~~~~~~~~~~~~~~~^~~~~
../Core/Src/bluetooth.c: In function 'bluetooth_sendExpandedMenu':
../Core/Src/bluetooth.c:80:31: warning: pointer targets in passing argument 2 of 'HAL_UART_Transmit' differ in signedness [-Wpointer-sign]
   80 |    HAL_UART_Transmit(&huart2, message1, strlen(message1), HAL_MAX_DELAY);
      |                               ^~~~~~~~
      |                               |
      |                               const char *
In file included from ../Core/Inc/stm32f4xx_hal_conf.h:409,
                 from ../Drivers/STM32F4xx_HAL_Driver/Inc/stm32f4xx_hal.h:29,
                 from ../Core/Inc/main.h:30,
                 from ../Core/Inc/bluetooth.h:4,
                 from ../Core/Src/bluetooth.c:8:
../Drivers/STM32F4xx_HAL_Driver/Inc/stm32f4xx_hal_uart.h:722:79: note: expected 'const uint8_t *' {aka 'const unsigned char *'} but argument is of type 'const char *'
  722 | HAL_StatusTypeDef HAL_UART_Transmit(UART_HandleTypeDef *huart, const uint8_t *pData, uint16_t Size, uint32_t Timeout);
      |                                                                ~~~~~~~~~~~~~~~^~~~~
../Core/Src/bluetooth.c:83:31: warning: pointer targets in passing argument 2 of 'HAL_UART_Transmit' differ in signedness [-Wpointer-sign]
   83 |    HAL_UART_Transmit(&huart2, message2, strlen(message2), HAL_MAX_DELAY);
      |                               ^~~~~~~~
      |                               |
      |                               const char *
In file included from ../Core/Inc/stm32f4xx_hal_conf.h:409,
                 from ../Drivers/STM32F4xx_HAL_Driver/Inc/stm32f4xx_hal.h:29,
                 from ../Core/Inc/main.h:30,
                 from ../Core/Inc/bluetooth.h:4,
                 from ../Core/Src/bluetooth.c:8:
../Drivers/STM32F4xx_HAL_Driver/Inc/stm32f4xx_hal_uart.h:722:79: note: expected 'const uint8_t *' {aka 'const unsigned char *'} but argument is of type 'const char *'
  722 | HAL_StatusTypeDef HAL_UART_Transmit(UART_HandleTypeDef *huart, const uint8_t *pData, uint16_t Size, uint32_t Timeout);
      |                                                                ~~~~~~~~~~~~~~~^~~~~
arm-none-eabi-gcc -o "inzynierka.elf" @"objects.list"   -mcpu=cortex-m4 -T"C:\Users\natal\Desktop\Inzynierka\inzynierka\STM32F429ZITX_FLASH.ld" --specs=nosys.specs -Wl,-Map="inzynierka.map" -Wl,--gc-sections -static --specs=nano.specs -mfpu=fpv4-sp-d16 -mfloat-abi=hard -mthumb -Wl,--start-group -lc -lm -Wl,--end-group
Finished building target: inzynierka.elf
 
arm-none-eabi-size   inzynierka.elf 
arm-none-eabi-objdump -h -S  inzynierka.elf  > "inzynierka.list"
   text	   data	    bss	    dec	    hex	filename
  17304	     20	   3556	  20880	   5190	inzynierka.elf
Finished building: default.size.stdout
 
Finished building: inzynierka.list
 
20:51:03 **** Incremental Build of configuration Debug for project inzynierka ****
make -j20 all 
arm-none-eabi-size   inzynierka.elf 
   text	   data	    bss	    dec	    hex	filename
  17304	     20	   3556	  20880	   5190	inzynierka.elf
Finished building: default.size.stdout
 
20:56:43 **** Incremental Build of configuration Debug for project inzynierka ****
make -j20 all 
arm-none-eabi-size   inzynierka.elf 
   text	   data	    bss	    dec	    hex	filename
  17304	     20	   3556	  20880	   5190	inzynierka.elf
Finished building: default.size.stdout
 
